[anchors] computed: [[[3.158585548400879, 4.170781135559082], [4.316248893737793, 3.7141878604888916], [4.713066101074219, 5.196057319641113]], [[3.866162061691284, 6.506097316741943], [6.184023380279541, 4.55928373336792], [6.754917144775391, 6.830117225646973]], [[9.020336151123047, 9.293903350830078], [12.927216529846191, 13.11013126373291], [19.526987075805664, 19.411649703979492]]]
[epoch 1] {'mAP50': 7.141326858524705e-05, 'mal_accuracy': 1.0, 'mal_auc': 1.0, 'mal_confusion': [[3, 0], [0, 2]]}
  -> new best mAP50=0.0001
[epoch 2] {'mAP50': 0.09090909081818181, 'mal_accuracy': 0.5, 'mal_auc': 0.0, 'mal_confusion': [[0, 1], [0, 1]]}
  -> new best mAP50=0.0909
[epoch 3] {'mAP50': 0.0028768699654593524, 'mal_accuracy': 0.625, 'mal_auc': 0.8, 'mal_confusion': [[3, 2], [1, 2]]}
[epoch 4] {'mAP50': 0.0004491555874950646, 'mal_accuracy': 0.6666666666666666, 'mal_auc': 1.0, 'mal_confusion': [[4, 0], [2, 0]]}
[epoch 5] {'mAP50': 0.005303030302986111, 'mal_accuracy': 0.4117647058823529, 'mal_auc': 0.44285714285714284, 'mal_confusion': [[7, 0], [10, 0]]}
[epoch 6] {'mAP50': 0.09090909081818181, 'mal_accuracy': 0.7083333333333334, 'mal_auc': 0.7481481481481481, 'mal_confusion': [[13, 2], [5, 4]]}
[epoch 7] {'mAP50': 0.0031347962381364173, 'mal_accuracy': 0.6153846153846154, 'mal_auc': 0.6666666666666667, 'mal_confusion': [[6, 8], [2, 10]]}
[epoch 8] {'mAP50': 0.04545454543181818, 'mal_accuracy': 0.6764705882352942, 'mal_auc': 0.6527777777777778, 'mal_confusion': [[15, 3], [8, 8]]}
[epoch 9] {'mAP50': 0.10538033386079436, 'mal_accuracy': 0.6470588235294118, 'mal_auc': 0.6677631578947368, 'mal_confusion': [[7, 12], [6, 26]]}
  -> new best mAP50=0.1054
[epoch 10] {'mAP50': 0.09090909081818181, 'mal_accuracy': 0.5405405405405406, 'mal_auc': 0.6676470588235295, 'mal_confusion': [[11, 6], [11, 9]]}
[epoch 11] {'mAP50': 0.18477755762751966, 'mal_accuracy': 0.7254901960784313, 'mal_auc': 0.7676027676027676, 'mal_confusion': [[26, 13], [15, 48]]}
  -> new best mAP50=0.1848
[epoch 12] {'mAP50': 0.15064935063551022, 'mal_accuracy': 0.7101449275362319, 'mal_auc': 0.7543554006968641, 'mal_confusion': [[14, 14], [6, 35]]}
[epoch 13] {'mAP50': 0.2515316031879899, 'mal_accuracy': 0.717948717948718, 'mal_auc': 0.754830917874396, 'mal_confusion': [[29, 19], [14, 55]]}
  -> new best mAP50=0.2515
[epoch 14] {'mAP50': 0.2860884728296137, 'mal_accuracy': 0.7345132743362832, 'mal_auc': 0.7904974489795918, 'mal_confusion': [[33, 16], [14, 50]]}
  -> new best mAP50=0.2861
[epoch 15] {'mAP50': 0.2988919914924407, 'mal_accuracy': 0.75177304964539, 'mal_auc': 0.8224279835390946, 'mal_confusion': [[38, 22], [13, 68]]}
  -> new best mAP50=0.2989
[epoch 16] {'mAP50': 0.29648325663106706, 'mal_accuracy': 0.7181208053691275, 'mal_auc': 0.7831501831501831, 'mal_confusion': [[44, 21], [21, 63]]}
[epoch 17] {'mAP50': 0.29833773047705686, 'mal_accuracy': 0.7172413793103448, 'mal_auc': 0.8091366627951994, 'mal_confusion': [[43, 20], [21, 61]]}
[epoch 18] {'mAP50': 0.3697083584363803, 'mal_accuracy': 0.7735849056603774, 'mal_auc': 0.8362760834670947, 'mal_confusion': [[46, 24], [12, 77]]}
  -> new best mAP50=0.3697
[epoch 19] {'mAP50': 0.3696221262321411, 'mal_accuracy': 0.7516339869281046, 'mal_auc': 0.8177716070808746, 'mal_confusion': [[44, 23], [15, 71]]}
[epoch 20] {'mAP50': 0.36550318367750767, 'mal_accuracy': 0.7468354430379747, 'mal_auc': 0.8160130718954248, 'mal_confusion': [[44, 24], [16, 74]]}
