[anchors] computed: [[[3.0920228958129883, 4.185037612915039], [4.389659404754639, 3.7326793670654297], [4.110687732696533, 5.16107177734375]], [[5.293797016143799, 5.596880912780762], [6.424168109893799, 4.759100914001465], [7.315674304962158, 7.411249160766602]], [[10.409198760986328, 10.627063751220703], [14.936670303344727, 14.829012870788574], [22.53858184814453, 22.719562530517578]]]
[epoch 1] {'mAP50': 3.654122672552167e-06, 'mal_accuracy': 0.5, 'mal_auc': 0.0, 'mal_confusion': [[1, 0], [1, 0]]}
  -> new best mAP50=0.0000
[epoch 2] {'mAP50': 2.1974641263980037e-05, 'mal_accuracy': 0.5, 'mal_confusion': [[0, 0], [2, 2]]}
  -> new best mAP50=0.0000
[epoch 3] {'mAP50': 0.00010620220900582327, 'mal_accuracy': 0.6428571428571429, 'mal_auc': 0.4222222222222222, 'mal_confusion': [[1, 4], [1, 8]]}
  -> new best mAP50=0.0001
[epoch 4] {'mAP50': 0.0018110289140276972, 'mal_accuracy': 0.5797101449275363, 'mal_auc': 0.4338374291115312, 'mal_confusion': [[1, 22], [7, 39]]}
  -> new best mAP50=0.0018
[epoch 5] {'mAP50': 0.003418740186341474, 'mal_accuracy': 0.5882352941176471, 'mal_auc': 0.6213709677419355, 'mal_confusion': [[12, 28], [14, 48]]}
  -> new best mAP50=0.0034
[epoch 6] {'mAP50': 0.01195998158692462, 'mal_accuracy': 0.5982905982905983, 'mal_auc': 0.6351752822341057, 'mal_confusion': [[17, 34], [13, 53]]}
  -> new best mAP50=0.0120
[epoch 7] {'mAP50': 0.016288986284783386, 'mal_accuracy': 0.5763888888888888, 'mal_auc': 0.7099458204334366, 'mal_confusion': [[20, 48], [13, 63]]}
  -> new best mAP50=0.0163
[epoch 8] {'mAP50': 0.10734403771664394, 'mal_accuracy': 0.7333333333333333, 'mal_auc': 0.7534562211981567, 'mal_confusion': [[15, 27], [9, 84]]}
  -> new best mAP50=0.1073
[epoch 9] {'mAP50': 0.07962132885573313, 'mal_accuracy': 0.6382978723404256, 'mal_auc': 0.722639933166249, 'mal_confusion': [[14, 43], [8, 76]]}
[epoch 10] {'mAP50': 0.1002972466927627, 'mal_accuracy': 0.6865671641791045, 'mal_auc': 0.775328330206379, 'mal_confusion': [[20, 32], [10, 72]]}
[epoch 11] {'mAP50': 0.07355171809610854, 'mal_accuracy': 0.7086614173228346, 'mal_auc': 0.7734652460679858, 'mal_confusion': [[23, 31], [6, 67]]}
[epoch 12] {'mAP50': 0.11154928778206559, 'mal_accuracy': 0.608, 'mal_auc': 0.7287735849056605, 'mal_confusion': [[18, 35], [14, 58]]}
  -> new best mAP50=0.1115
[epoch 13] {'mAP50': 0.1226593601262768, 'mal_accuracy': 0.673469387755102, 'mal_auc': 0.6841397849462365, 'mal_confusion': [[14, 22], [10, 52]]}
  -> new best mAP50=0.1227
[epoch 14] {'mAP50': 0.1497781817664569, 'mal_accuracy': 0.6392405063291139, 'mal_auc': 0.7325268817204301, 'mal_confusion': [[20, 42], [15, 81]]}
  -> new best mAP50=0.1498
[epoch 15] {'mAP50': 0.1609601265184533, 'mal_accuracy': 0.689873417721519, 'mal_auc': 0.7716090425531915, 'mal_confusion': [[33, 31], [18, 76]]}
  -> new best mAP50=0.1610
[epoch 16] {'mAP50': 0.1703442917121457, 'mal_accuracy': 0.6946107784431138, 'mal_auc': 0.778955223880597, 'mal_confusion': [[37, 30], [21, 79]]}
  -> new best mAP50=0.1703
[epoch 17] {'mAP50': 0.26093628515409023, 'mal_accuracy': 0.6287425149700598, 'mal_auc': 0.7443298969072165, 'mal_confusion': [[26, 44], [18, 79]]}
  -> new best mAP50=0.2609
[epoch 18] {'mAP50': 0.2665032906623886, 'mal_accuracy': 0.6518987341772152, 'mal_auc': 0.7567523056653491, 'mal_confusion': [[23, 43], [12, 80]]}
  -> new best mAP50=0.2665
[epoch 19] {'mAP50': 0.32765403045054825, 'mal_accuracy': 0.6702702702702703, 'mal_auc': 0.7905454545454544, 'mal_confusion': [[36, 39], [22, 88]]}
  -> new best mAP50=0.3277
[epoch 20] {'mAP50': 0.320889485617122, 'mal_accuracy': 0.6858638743455497, 'mal_auc': 0.7529385171790235, 'mal_confusion': [[53, 26], [34, 78]]}
[epoch 21] {'mAP50': 0.35087577181986007, 'mal_accuracy': 0.6564102564102564, 'mal_auc': 0.7374517374517375, 'mal_confusion': [[51, 33], [34, 77]]}
  -> new best mAP50=0.3509
[epoch 22] {'mAP50': 0.2708175036227123, 'mal_accuracy': 0.6759776536312849, 'mal_auc': 0.7271464646464646, 'mal_confusion': [[55, 25], [33, 66]]}
[epoch 23] {'mAP50': 0.3213443442515483, 'mal_accuracy': 0.6648936170212766, 'mal_auc': 0.7346312684365783, 'mal_confusion': [[46, 29], [34, 79]]}
[epoch 24] {'mAP50': 0.3303433984764357, 'mal_accuracy': 0.6756756756756757, 'mal_auc': 0.7848809523809523, 'mal_confusion': [[39, 41], [19, 86]]}
[epoch 25] {'mAP50': 0.3545057146360148, 'mal_accuracy': 0.7253886010362695, 'mal_auc': 0.7771485676215856, 'mal_confusion': [[51, 28], [25, 89]]}
  -> new best mAP50=0.3545
[epoch 26] {'mAP50': 0.3858306627740592, 'mal_accuracy': 0.6618357487922706, 'mal_auc': 0.736135606505977, 'mal_confusion': [[39, 42], [28, 98]]}
  -> new best mAP50=0.3858
[epoch 27] {'mAP50': 0.4077912817832168, 'mal_accuracy': 0.7069767441860465, 'mal_auc': 0.7633817795108118, 'mal_confusion': [[67, 24], [39, 85]]}
  -> new best mAP50=0.4078
[epoch 28] {'mAP50': 0.35858985228354406, 'mal_accuracy': 0.6747572815533981, 'mal_auc': 0.7340038314176246, 'mal_confusion': [[65, 25], [42, 74]]}
[epoch 29] {'mAP50': 0.39438924882982324, 'mal_accuracy': 0.6923076923076923, 'mal_auc': 0.7592539454806313, 'mal_confusion': [[62, 23], [41, 82]]}
[epoch 30] {'mAP50': 0.37546935339027254, 'mal_accuracy': 0.7222222222222222, 'mal_auc': 0.7713406593406593, 'mal_confusion': [[70, 21], [39, 86]]}
[epoch 31] {'mAP50': 0.385741127137377, 'mal_accuracy': 0.669683257918552, 'mal_auc': 0.7418284386925502, 'mal_confusion': [[58, 40], [33, 90]]}
[epoch 32] {'mAP50': 0.41121633257006973, 'mal_accuracy': 0.7051282051282052, 'mal_auc': 0.7852344038390551, 'mal_confusion': [[68, 37], [32, 97]]}
  -> new best mAP50=0.4112
[epoch 33] {'mAP50': 0.43637404926535955, 'mal_accuracy': 0.702928870292887, 'mal_auc': 0.7657427149964464, 'mal_confusion': [[75, 30], [41, 93]]}
  -> new best mAP50=0.4364
[epoch 34] {'mAP50': 0.4099812828069316, 'mal_accuracy': 0.7031963470319634, 'mal_auc': 0.7635294117647059, 'mal_confusion': [[72, 28], [37, 82]]}
[epoch 35] {'mAP50': 0.43057242574518384, 'mal_accuracy': 0.6983471074380165, 'mal_auc': 0.7505574136008918, 'mal_confusion': [[66, 38], [35, 103]]}
[epoch 36] {'mAP50': 0.43382668368059657, 'mal_accuracy': 0.6896551724137931, 'mal_auc': 0.7723106971153845, 'mal_confusion': [[66, 38], [34, 94]]}
[epoch 37] {'mAP50': 0.44132434230868856, 'mal_accuracy': 0.7117903930131004, 'mal_auc': 0.7736939435968562, 'mal_confusion': [[75, 28], [38, 88]]}
  -> new best mAP50=0.4413
[epoch 38] {'mAP50': 0.43375490625798024, 'mal_accuracy': 0.6980392156862745, 'mal_auc': 0.7612489093855166, 'mal_confusion': [[78, 35], [42, 100]]}
[epoch 39] {'mAP50': 0.4311626821473984, 'mal_accuracy': 0.706140350877193, 'mal_auc': 0.7553191489361702, 'mal_confusion': [[68, 26], [41, 93]]}
[epoch 40] {'mAP50': 0.43234531089456935, 'mal_accuracy': 0.7208333333333333, 'mal_auc': 0.7529285714285714, 'mal_confusion': [[74, 26], [41, 99]]}
[epoch 41] {'mAP50': 0.4410378539557247, 'mal_accuracy': 0.71900826446281, 'mal_auc': 0.7711442786069652, 'mal_confusion': [[80, 28], [40, 94]]}
[epoch 42] {'mAP50': 0.4555612593394431, 'mal_accuracy': 0.7478991596638656, 'mal_auc': 0.7955593388664255, 'mal_confusion': [[90, 21], [39, 88]]}
  -> new best mAP50=0.4556
[epoch 43] {'mAP50': 0.4448533824448682, 'mal_accuracy': 0.7154811715481172, 'mal_auc': 0.7565137354856981, 'mal_confusion': [[89, 18], [50, 82]]}
[epoch 44] {'mAP50': 0.4298960593742684, 'mal_accuracy': 0.7272727272727273, 'mal_auc': 0.7719847062912756, 'mal_confusion': [[85, 20], [46, 91]]}
[epoch 45] {'mAP50': 0.422783532784242, 'mal_accuracy': 0.6877637130801688, 'mal_auc': 0.7774452554744525, 'mal_confusion': [[76, 24], [50, 87]]}
[epoch 46] {'mAP50': 0.4561254572442674, 'mal_accuracy': 0.70042194092827, 'mal_auc': 0.7626277372262774, 'mal_confusion': [[76, 24], [47, 90]]}
  -> new best mAP50=0.4561
[epoch 47] {'mAP50': 0.4435470809786748, 'mal_accuracy': 0.6995708154506438, 'mal_auc': 0.7606422703510083, 'mal_confusion': [[71, 32], [38, 92]]}
[epoch 48] {'mAP50': 0.46330236935201335, 'mal_accuracy': 0.7322834645669292, 'mal_auc': 0.7783834586466166, 'mal_confusion': [[92, 22], [46, 94]]}
  -> new best mAP50=0.4633
[epoch 49] {'mAP50': 0.4509041082000492, 'mal_accuracy': 0.7166666666666667, 'mal_auc': 0.7669135802469135, 'mal_confusion': [[75, 30], [38, 97]]}
[epoch 50] {'mAP50': 0.4101852592153811, 'mal_accuracy': 0.7162162162162162, 'mal_auc': 0.7603679067093703, 'mal_confusion': [[78, 21], [42, 81]]}
[epoch 51] {'mAP50': 0.44599342417315213, 'mal_accuracy': 0.7068273092369478, 'mal_auc': 0.7623937213865272, 'mal_confusion': [[85, 25], [48, 91]]}
[epoch 52] {'mAP50': 0.4131637320536255, 'mal_accuracy': 0.6983471074380165, 'mal_auc': 0.7588460201598888, 'mal_confusion': [[83, 22], [51, 86]]}
[epoch 53] {'mAP50': 0.4289817134554816, 'mal_accuracy': 0.7056277056277056, 'mal_auc': 0.7674382716049382, 'mal_confusion': [[67, 29], [39, 96]]}
[epoch 54] {'mAP50': 0.43340254901379793, 'mal_accuracy': 0.7532467532467533, 'mal_auc': 0.8055853920515574, 'mal_confusion': [[77, 21], [36, 97]]}
[epoch 55] {'mAP50': 0.47839631578952724, 'mal_accuracy': 0.7222222222222222, 'mal_auc': 0.7736235595390525, 'mal_confusion': [[77, 33], [37, 105]]}
  -> new best mAP50=0.4784
[epoch 56] {'mAP50': 0.48044536074353356, 'mal_accuracy': 0.696, 'mal_auc': 0.781948051948052, 'mal_confusion': [[76, 34], [42, 98]]}
  -> new best mAP50=0.4804
[epoch 57] {'mAP50': 0.46517728413850795, 'mal_accuracy': 0.7103174603174603, 'mal_auc': 0.7544814340588988, 'mal_confusion': [[86, 24], [49, 93]]}
[epoch 58] {'mAP50': 0.4249990941212863, 'mal_accuracy': 0.7079646017699115, 'mal_auc': 0.7715548413017275, 'mal_confusion': [[72, 23], [43, 88]]}
[epoch 59] {'mAP50': 0.4537963845008947, 'mal_accuracy': 0.7096774193548387, 'mal_auc': 0.7641691641691641, 'mal_confusion': [[80, 25], [47, 96]]}
[epoch 60] {'mAP50': 0.44627583972638785, 'mal_accuracy': 0.7253218884120172, 'mal_auc': 0.7812452887079753, 'mal_confusion': [[81, 18], [46, 88]]}
[epoch 61] {'mAP50': 0.4604009179901126, 'mal_accuracy': 0.6964980544747081, 'mal_auc': 0.7466133004926108, 'mal_confusion': [[88, 24], [54, 91]]}
[epoch 62] {'mAP50': 0.510099593402173, 'mal_accuracy': 0.6966292134831461, 'mal_auc': 0.7461451247165534, 'mal_confusion': [[86, 34], [47, 100]]}
  -> new best mAP50=0.5101
[epoch 63] {'mAP50': 0.44682705438759185, 'mal_accuracy': 0.6814516129032258, 'mal_auc': 0.7495837495837496, 'mal_confusion': [[70, 35], [44, 99]]}
[epoch 64] {'mAP50': 0.45119047657752703, 'mal_accuracy': 0.7044534412955465, 'mal_auc': 0.7641877353415816, 'mal_confusion': [[77, 27], [46, 97]]}
[epoch 65] {'mAP50': 0.47198615339314165, 'mal_accuracy': 0.7058823529411765, 'mal_auc': 0.7706583072100313, 'mal_confusion': [[79, 31], [44, 101]]}
[epoch 66] {'mAP50': 0.4066930236313852, 'mal_accuracy': 0.7198275862068966, 'mal_auc': 0.7731847867844794, 'mal_confusion': [[62, 33], [32, 105]]}
[epoch 67] {'mAP50': 0.4700434221000983, 'mal_accuracy': 0.6833976833976834, 'mal_auc': 0.7683000604960677, 'mal_confusion': [[77, 37], [45, 100]]}
[epoch 68] {'mAP50': 0.4812751615812575, 'mal_accuracy': 0.6938775510204082, 'mal_auc': 0.7540680979078354, 'mal_confusion': [[83, 20], [55, 87]]}
[epoch 69] {'mAP50': 0.4590757533887976, 'mal_accuracy': 0.7078189300411523, 'mal_auc': 0.7737170596393897, 'mal_confusion': [[74, 29], [42, 98]]}
[epoch 70] {'mAP50': 0.45504336833614145, 'mal_accuracy': 0.7061224489795919, 'mal_auc': 0.759606180773964, 'mal_confusion': [[78, 25], [47, 95]]}
[epoch 71] {'mAP50': 0.4230613529551104, 'mal_accuracy': 0.6866952789699571, 'mal_auc': 0.7493592642846374, 'mal_confusion': [[63, 36], [37, 97]]}
[epoch 72] {'mAP50': 0.47405845536268026, 'mal_accuracy': 0.678714859437751, 'mal_auc': 0.7594009763821085, 'mal_confusion': [[84, 22], [58, 85]]}
[epoch 73] {'mAP50': 0.46406034381110306, 'mal_accuracy': 0.7125, 'mal_auc': 0.7586255656108598, 'mal_confusion': [[84, 20], [49, 87]]}
[epoch 74] {'mAP50': 0.47543956151064876, 'mal_accuracy': 0.6782945736434108, 'mal_auc': 0.7422636452241715, 'mal_confusion': [[84, 30], [53, 91]]}
[epoch 75] {'mAP50': 0.48243273096783384, 'mal_accuracy': 0.6575875486381323, 'mal_auc': 0.7325293753865183, 'mal_confusion': [[73, 37], [51, 96]]}
[epoch 76] {'mAP50': 0.483857512940917, 'mal_accuracy': 0.6946564885496184, 'mal_auc': 0.7587456197659915, 'mal_confusion': [[77, 36], [44, 105]]}
[epoch 77] {'mAP50': 0.478691636997702, 'mal_accuracy': 0.7182539682539683, 'mal_auc': 0.7685659411011523, 'mal_confusion': [[85, 25], [46, 96]]}
[epoch 78] {'mAP50': 0.4867320665185382, 'mal_accuracy': 0.7215686274509804, 'mal_auc': 0.773141699379511, 'mal_confusion': [[81, 25], [46, 103]]}
[epoch 79] {'mAP50': 0.46909832920102323, 'mal_accuracy': 0.7115384615384616, 'mal_auc': 0.7765336222984769, 'mal_confusion': [[90, 23], [52, 95]]}
[epoch 80] {'mAP50': 0.46108637928797536, 'mal_accuracy': 0.7058823529411765, 'mal_auc': 0.7535660660660661, 'mal_confusion': [[86, 25], [50, 94]]}
[epoch 81] {'mAP50': 0.455910326196747, 'mal_accuracy': 0.7165354330708661, 'mal_auc': 0.7475900558092338, 'mal_confusion': [[78, 30], [42, 104]]}
[epoch 82] {'mAP50': 0.4907562837325023, 'mal_accuracy': 0.6996197718631179, 'mal_auc': 0.7707964601769911, 'mal_confusion': [[85, 28], [51, 99]]}
[epoch 83] {'mAP50': 0.42045700759941107, 'mal_accuracy': 0.7114624505928854, 'mal_auc': 0.7517067003792668, 'mal_confusion': [[84, 29], [44, 96]]}
[epoch 84] {'mAP50': 0.4465247138484658, 'mal_accuracy': 0.7091633466135459, 'mal_auc': 0.7664465164465165, 'mal_confusion': [[77, 31], [42, 101]]}
[epoch 85] {'mAP50': 0.4670437858504957, 'mal_accuracy': 0.6862745098039216, 'mal_auc': 0.7672672672672673, 'mal_confusion': [[76, 35], [45, 99]]}
[epoch 86] {'mAP50': 0.4544257488244527, 'mal_accuracy': 0.7295081967213115, 'mal_auc': 0.7859890109890109, 'mal_confusion': [[79, 25], [41, 99]]}
[epoch 87] {'mAP50': 0.4690246047222319, 'mal_accuracy': 0.7154471544715447, 'mal_auc': 0.7754865141686583, 'mal_confusion': [[74, 27], [43, 102]]}
  early stopping (no improvement in 25 epochs)
