[anchors] computed: [[[3.075942039489746, 3.8935766220092773], [4.4429192543029785, 3.8168880939483643], [3.798330307006836, 5.102763652801514]], [[5.255720138549805, 5.648412227630615], [6.369598865509033, 4.787744998931885], [7.008170127868652, 7.179084777832031]], [[9.299808502197266, 9.300810813903809], [12.937033653259277, 13.31576919555664], [19.766849517822266, 19.641460418701172]]]
[epoch 1] {'mAP50': 3.90570076083034e-06, 'mal_accuracy': 1.0, 'mal_confusion': [[0, 0], [0, 1]]}
  -> new best mAP50=0.0000
[epoch 2] {'mAP50': 6.514601393255929e-06, 'mal_accuracy': 1.0, 'mal_confusion': [[0, 0], [0, 3]]}
  -> new best mAP50=0.0000
[epoch 3] {'mAP50': 0.0}
[epoch 4] {'mAP50': 0.0003918495297788753, 'mal_accuracy': 0.5277777777777778, 'mal_auc': 0.39230769230769236, 'mal_confusion': [[2, 8], [9, 17]]}
  -> new best mAP50=0.0004
[epoch 5] {'mAP50': 0.010873173667189066, 'mal_accuracy': 0.5714285714285714, 'mal_auc': 0.6202623906705539, 'mal_confusion': [[5, 23], [10, 39]]}
  -> new best mAP50=0.0109
[epoch 6] {'mAP50': 0.015072314068074919, 'mal_accuracy': 0.6785714285714286, 'mal_auc': 0.7547058823529412, 'mal_confusion': [[18, 16], [11, 39]]}
  -> new best mAP50=0.0151
[epoch 7] {'mAP50': 0.015824985589557333, 'mal_accuracy': 0.6203703703703703, 'mal_auc': 0.7394810659186536, 'mal_confusion': [[12, 34], [7, 55]]}
  -> new best mAP50=0.0158
[epoch 8] {'mAP50': 0.020062197341115823, 'mal_accuracy': 0.6583333333333333, 'mal_auc': 0.7329692440356425, 'mal_confusion': [[13, 36], [5, 66]]}
  -> new best mAP50=0.0201
[epoch 9] {'mAP50': 0.035064078344079694, 'mal_accuracy': 0.5984848484848485, 'mal_auc': 0.6718714121699197, 'mal_confusion': [[24, 41], [12, 55]]}
  -> new best mAP50=0.0351
[epoch 10] {'mAP50': 0.08311537826854418, 'mal_accuracy': 0.5894039735099338, 'mal_auc': 0.690576652601969, 'mal_confusion': [[21, 51], [11, 68]]}
  -> new best mAP50=0.0831
[epoch 11] {'mAP50': 0.05131562767230472, 'mal_accuracy': 0.5723270440251572, 'mal_auc': 0.6599556119213695, 'mal_confusion': [[24, 52], [16, 67]]}
[epoch 12] {'mAP50': 0.09329049732168078, 'mal_accuracy': 0.5864197530864198, 'mal_auc': 0.6615737203972498, 'mal_confusion': [[31, 46], [21, 64]]}
  -> new best mAP50=0.0933
[epoch 13] {'mAP50': 0.0803471761734788, 'mal_accuracy': 0.5828220858895705, 'mal_auc': 0.665210843373494, 'mal_confusion': [[31, 49], [19, 64]]}
[epoch 14] {'mAP50': 0.08985192695429492, 'mal_accuracy': 0.5933333333333334, 'mal_auc': 0.6523528359277152, 'mal_confusion': [[48, 33], [28, 41]]}
[epoch 15] {'mAP50': 0.060592870570104165, 'mal_accuracy': 0.5783132530120482, 'mal_auc': 0.6689041295782868, 'mal_confusion': [[40, 49], [21, 56]]}
[epoch 16] {'mAP50': 0.08458745133778456, 'mal_accuracy': 0.6041666666666666, 'mal_auc': 0.6478567552902877, 'mal_confusion': [[60, 37], [39, 56]]}
[epoch 17] {'mAP50': 0.06586639720255863, 'mal_accuracy': 0.6190476190476191, 'mal_auc': 0.6907705577918344, 'mal_confusion': [[52, 42], [22, 52]]}
[epoch 18] {'mAP50': 0.05558650084466141, 'mal_accuracy': 0.6349206349206349, 'mal_auc': 0.7041092797471213, 'mal_confusion': [[63, 40], [29, 57]]}
[epoch 19] {'mAP50': 0.1004202918241433, 'mal_accuracy': 0.601063829787234, 'mal_auc': 0.6359096583815684, 'mal_confusion': [[62, 37], [38, 51]]}
  -> new best mAP50=0.1004
[epoch 20] {'mAP50': 0.024820280619906956, 'mal_accuracy': 0.6153846153846154, 'mal_auc': 0.6366978609625669, 'mal_confusion': [[57, 31], [29, 39]]}
[epoch 21] {'mAP50': 0.05864300725932006, 'mal_accuracy': 0.6491228070175439, 'mal_auc': 0.6785914702581368, 'mal_confusion': [[73, 26], [34, 38]]}
[epoch 22] {'mAP50': 0.045953878559635786, 'mal_accuracy': 0.6519337016574586, 'mal_auc': 0.6625, 'mal_confusion': [[81, 20], [43, 37]]}
[epoch 23] {'mAP50': 0.04977783149257857, 'mal_accuracy': 0.6237113402061856, 'mal_auc': 0.642872340425532, 'mal_confusion': [[82, 18], [55, 39]]}
[epoch 24] {'mAP50': 0.07816295621428555, 'mal_accuracy': 0.6536312849162011, 'mal_auc': 0.6892405063291139, 'mal_confusion': [[75, 25], [37, 42]]}
[epoch 25] {'mAP50': 0.07109628007112095, 'mal_accuracy': 0.6263157894736842, 'mal_auc': 0.6663305322128852, 'mal_confusion': [[86, 19], [52, 33]]}
[epoch 26] {'mAP50': 0.046218471177226494, 'mal_accuracy': 0.6424870466321243, 'mal_auc': 0.7059986816084377, 'mal_confusion': [[90, 21], [48, 34]]}
[epoch 27] {'mAP50': 0.03548908814471186, 'mal_accuracy': 0.6648936170212766, 'mal_auc': 0.6668200644270593, 'mal_confusion': [[99, 7], [56, 26]]}
[epoch 28] {'mAP50': 0.017845771815189912, 'mal_accuracy': 0.6645962732919255, 'mal_auc': 0.6616257088846881, 'mal_confusion': [[82, 10], [44, 25]]}
[epoch 29] {'mAP50': 0.03582954128656575, 'mal_accuracy': 0.6758620689655173, 'mal_auc': 0.6530054644808744, 'mal_confusion': [[70, 14], [33, 28]]}
[epoch 30] {'mAP50': 0.054185987142950295, 'mal_accuracy': 0.6503067484662577, 'mal_auc': 0.6861751152073733, 'mal_confusion': [[78, 15], [42, 28]]}
[epoch 31] {'mAP50': 0.03854718777514533, 'mal_accuracy': 0.6089743589743589, 'mal_auc': 0.6449494949494948, 'mal_confusion': [[84, 6], [55, 11]]}
[epoch 32] {'mAP50': 0.02181219231783197, 'mal_accuracy': 0.6382978723404256, 'mal_auc': 0.6842436974789916, 'mal_confusion': [[71, 14], [37, 19]]}
[epoch 33] {'mAP50': 0.016258326143638393, 'mal_accuracy': 0.627906976744186, 'mal_auc': 0.6121166415284062, 'mal_confusion': [[68, 10], [38, 13]]}
[epoch 34] {'mAP50': 0.019150352845826953, 'mal_accuracy': 0.7037037037037037, 'mal_auc': 0.6733086190917515, 'mal_confusion': [[75, 8], [32, 20]]}
[epoch 35] {'mAP50': 0.0213921375726722, 'mal_accuracy': 0.6737588652482269, 'mal_auc': 0.6987564322469983, 'mal_confusion': [[83, 5], [41, 12]]}
[epoch 36] {'mAP50': 0.018912238980309734, 'mal_accuracy': 0.652542372881356, 'mal_auc': 0.6237442922374429, 'mal_confusion': [[64, 9], [32, 13]]}
[epoch 37] {'mAP50': 0.027153272678507083, 'mal_accuracy': 0.6810344827586207, 'mal_auc': 0.6690789473684211, 'mal_confusion': [[74, 2], [35, 5]]}
[epoch 38] {'mAP50': 0.01761580814375629, 'mal_accuracy': 0.6972477064220184, 'mal_auc': 0.6499644633972993, 'mal_confusion': [[62, 5], [28, 14]]}
[epoch 39] {'mAP50': 0.00913610987327559, 'mal_accuracy': 0.6666666666666666, 'mal_auc': 0.6400949796472184, 'mal_confusion': [[61, 6], [31, 13]]}
[epoch 40] {'mAP50': 0.010977687969557226, 'mal_accuracy': 0.6506024096385542, 'mal_auc': 0.5943396226415094, 'mal_confusion': [[49, 4], [25, 5]]}
[epoch 41] {'mAP50': 0.004824576660556979, 'mal_accuracy': 0.6153846153846154, 'mal_auc': 0.5609375, 'mal_confusion': [[30, 2], [18, 2]]}
[epoch 42] {'mAP50': 0.018201464237932344, 'mal_accuracy': 0.7125, 'mal_auc': 0.6009783368273934, 'mal_confusion': [[53, 0], [23, 4]]}
[epoch 43] {'mAP50': 0.016041570201101425, 'mal_accuracy': 0.6551724137931034, 'mal_auc': 0.6078947368421053, 'mal_confusion': [[38, 0], [20, 0]]}
[epoch 44] {'mAP50': 0.013780408453336754, 'mal_accuracy': 0.6461538461538462, 'mal_auc': 0.5487804878048781, 'mal_confusion': [[40, 1], [22, 2]]}
  early stopping (no improvement in 25 epochs)
